[02:36:57] 🚀 WORKER REFACTORIZADO: Llamando StateMachine.run()
[02:36:57] 1️⃣ Preparando sesión...
[02:36:57]    ❌ ERROR: No hay cookies válidas
[02:36:57]    📌 Necesita hacer LOGIN primero (profile_pw vacío)
[16:14:45] 🚀 WORKER REFACTORIZADO: Llamando StateMachine.run()
[16:14:45] 1️⃣ Preparando sesión...
[16:14:45]    ❌ ERROR: No hay cookies válidas
[16:14:45]    📌 Necesita hacer LOGIN primero (profile_pw vacío)
[16:55:54] 🚀 WORKER REFACTORIZADO: Llamando StateMachine.run()
[16:55:54] 1️⃣ Preparando sesión...
[16:55:54]    ❌ ERROR: No hay cookies válidas
[16:55:54]    📌 Necesita hacer LOGIN primero (profile_pw vacío)
[22:03:24] 🚀 WORKER REFACTORIZADO: Llamando StateMachine.run()
[22:03:24] 1️⃣ Preparando sesión...
[22:03:24]    ℹ️  Sin cookies locales (usuario puede estar logueando)
[22:03:24]    ✅ Sesión lista
[22:03:24] 2️⃣ Abriendo navegador...
[22:03:24]    Buscando zombies...
[22:03:24]    No habia zombies (ok)
[22:10:20] 🚀 WORKER REFACTORIZADO: Llamando StateMachine.run()
[22:10:20] 1️⃣ Preparando sesión...
[22:10:20]    ℹ️  Sin cookies locales (usuario puede estar logueando)
[22:10:20]    ✅ Sesión lista
[22:10:20] 2️⃣ Abriendo navegador...
[22:10:20]    Buscando zombies...
[22:10:20]    No habia zombies (ok)
